[Physics::Module] Initialized MultithreadedJobDispatcher with {0} workers.
Initialize engine version: 2021.3.45f2 (88f88f591b2e)
[Subsystems] Discovering subsystems at path C:/Program Files (x86)/Steam/steamapps/common/Cargo Hunters/CargoHunters_Data/UnitySubsystems
GfxDevice: creating device client; threaded=1; jobified=1
Direct3D:
    Version:  Direct3D 11.0 [level 11.1]
    Renderer: NVIDIA GeForce GTX 1650 (ID=0x1f9d)
    Vendor:   NVIDIA
    VRAM:     3938 MB
    Driver:   32.0.15.9597
<RI> Initializing input.
New input system (experimental) initialized
Using XInput
<RI> Initialized touch support.
UnloadTime: 7.375600 ms
Unloading 6 Unused Serialized files (Serialized files now loaded: 54)
UnloadTime: 1.243700 ms
Unloading 189 unused Assets to reduce memory usage. Loaded Objects now: 10675.
Total: 37.432400 ms (FindLiveObjects: 0.686900 ms CreateObjectMapping: 0.515700 ms MarkObjects: 35.973100 ms  DeleteObjects: 0.256200 ms)

Unloading 0 Unused Serialized files (Serialized files now loaded: 55)
Unloading 0 unused Assets to reduce memory usage. Loaded Objects now: 10676.
Total: 30.883700 ms (FindLiveObjects: 0.607200 ms CreateObjectMapping: 0.350900 ms MarkObjects: 29.905500 ms  DeleteObjects: 0.019700 ms)

Unloading 3 Unused Serialized files (Serialized files now loaded: 55)
The tree Tree02 must use the Nature/Soft Occlusion shader. Otherwise billboarding/lighting will not work correctly.
UnloadTime: 0.605400 ms
Unloading 741 unused Assets to reduce memory usage. Loaded Objects now: 13372.
Total: 33.156700 ms (FindLiveObjects: 0.892500 ms CreateObjectMapping: 0.623400 ms MarkObjects: 30.619800 ms  DeleteObjects: 1.020700 ms)

Unloading 3 Unused Serialized files (Serialized files now loaded: 69)
UnloadTime: 3.672300 ms
Unloading 4303 unused Assets to reduce memory usage. Loaded Objects now: 42486.
Total: 56.278000 ms (FindLiveObjects: 2.280900 ms CreateObjectMapping: 3.012400 ms MarkObjects: 41.383300 ms  DeleteObjects: 9.600900 ms)

Unloading 0 Unused Serialized files (Serialized files now loaded: 55)
Unloading 1 unused Assets to reduce memory usage. Loaded Objects now: 42485.
Total: 41.588000 ms (FindLiveObjects: 2.440700 ms CreateObjectMapping: 2.714600 ms MarkObjects: 35.467700 ms  DeleteObjects: 0.964400 ms)

The tree Tree02 must use the Nature/Soft Occlusion shader. Otherwise billboarding/lighting will not work correctly.
Unloading 8 Unused Serialized files (Serialized files now loaded: 55)
UnloadTime: 0.605000 ms
Unloading 854 unused Assets to reduce memory usage. Loaded Objects now: 55610.
Total: 53.974700 ms (FindLiveObjects: 3.912500 ms CreateObjectMapping: 2.727300 ms MarkObjects: 46.588400 ms  DeleteObjects: 0.745700 ms)

Unloading 5 Unused Serialized files (Serialized files now loaded: 74)
UnloadTime: 267.824800 ms
Unloading 7558 unused Assets to reduce memory usage. Loaded Objects now: 97035.
Total: 128.264000 ms (FindLiveObjects: 5.614500 ms CreateObjectMapping: 8.678900 ms MarkObjects: 103.549800 ms  DeleteObjects: 10.420200 ms)

Unloading 0 Unused Serialized files (Serialized files now loaded: 59)
Unloading 1 unused Assets to reduce memory usage. Loaded Objects now: 97034.
Total: 100.748200 ms (FindLiveObjects: 4.713700 ms CreateObjectMapping: 6.019100 ms MarkObjects: 88.916200 ms  DeleteObjects: 1.098500 ms)

Unloading 5 Unused Serialized files (Serialized files now loaded: 59)
UnloadTime: 1.232900 ms
Unloading 850 unused Assets to reduce memory usage. Loaded Objects now: 185312.
Total: 109.961600 ms (FindLiveObjects: 11.783600 ms CreateObjectMapping: 6.250200 ms MarkObjects: 90.858000 ms  DeleteObjects: 1.069000 ms)

Activate object on scene. ObjectId: 211 Tick 183
Unloading 6 Unused Serialized files (Serialized files now loaded: 90)
UnloadTime: 39.727400 ms
Unloading 9151 unused Assets to reduce memory usage. Loaded Objects now: 124290.
Total: 135.868900 ms (FindLiveObjects: 6.115600 ms CreateObjectMapping: 8.068200 ms MarkObjects: 112.192900 ms  DeleteObjects: 9.491900 ms)

Unloading 0 Unused Serialized files (Serialized files now loaded: 59)
Unloading 0 unused Assets to reduce memory usage. Loaded Objects now: 124290.
Total: 134.593100 ms (FindLiveObjects: 5.692500 ms CreateObjectMapping: 8.100400 ms MarkObjects: 120.549000 ms  DeleteObjects: 0.250800 ms)

Unloading 8 Unused Serialized files (Serialized files now loaded: 59)
The tree Tree02 must use the Nature/Soft Occlusion shader. Otherwise billboarding/lighting will not work correctly.
UnloadTime: 1.208300 ms
Unloading 854 unused Assets to reduce memory usage. Loaded Objects now: 137456.
Total: 133.490400 ms (FindLiveObjects: 6.925400 ms CreateObjectMapping: 7.469000 ms MarkObjects: 117.806900 ms  DeleteObjects: 1.288400 ms)

Unloading 3 Unused Serialized files (Serialized files now loaded: 75)
UnloadTime: 270.620700 ms
Unloading 6880 unused Assets to reduce memory usage. Loaded Objects now: 124319.
Total: 143.229700 ms (FindLiveObjects: 6.394000 ms CreateObjectMapping: 7.824500 ms MarkObjects: 117.556800 ms  DeleteObjects: 11.453800 ms)

Unloading 0 Unused Serialized files (Serialized files now loaded: 59)
Unloading 1 unused Assets to reduce memory usage. Loaded Objects now: 124318.
Total: 125.544900 ms (FindLiveObjects: 6.093700 ms CreateObjectMapping: 7.144200 ms MarkObjects: 111.075300 ms  DeleteObjects: 1.231300 ms)

Unloading 5 Unused Serialized files (Serialized files now loaded: 59)
UnloadTime: 1.406200 ms
Unloading 850 unused Assets to reduce memory usage. Loaded Objects now: 212595.
Total: 137.840100 ms (FindLiveObjects: 12.533100 ms CreateObjectMapping: 7.863800 ms MarkObjects: 116.303100 ms  DeleteObjects: 1.139700 ms)

Activate object on scene. ObjectId: 211 Tick 166
[ProjectileHitMessageClientHandler] 19557 : Wait for prediction of projectile hit of 4294970802 at tick 3512 (interpolated 3508)
[ProjectileHitMessageClientHandler] 19557 : Wait for prediction of projectile hit of 4294970802 at tick 3513 (interpolated 3508)
[ProjectileHitMessageClientHandler] 19557 : Wait for prediction of projectile hit of 4294970802 at tick 3513 (interpolated 3509)
Unloading 6 Unused Serialized files (Serialized files now loaded: 99)
UnloadTime: 40.774400 ms
Unloading 8557 unused Assets to reduce memory usage. Loaded Objects now: 124331.
Total: 136.342800 ms (FindLiveObjects: 6.246900 ms CreateObjectMapping: 8.158200 ms MarkObjects: 112.534200 ms  DeleteObjects: 9.403000 ms)

Unloading 0 Unused Serialized files (Serialized files now loaded: 59)
Unloading 0 unused Assets to reduce memory usage. Loaded Objects now: 124331.
Total: 134.072100 ms (FindLiveObjects: 5.798400 ms CreateObjectMapping: 7.612500 ms MarkObjects: 120.411900 ms  DeleteObjects: 0.248800 ms)

Unloading 8 Unused Serialized files (Serialized files now loaded: 59)
The tree Tree02 must use the Nature/Soft Occlusion shader. Otherwise billboarding/lighting will not work correctly.
UnloadTime: 1.409200 ms
Unloading 859 unused Assets to reduce memory usage. Loaded Objects now: 137485.
Total: 135.560100 ms (FindLiveObjects: 7.452800 ms CreateObjectMapping: 7.520900 ms MarkObjects: 119.562900 ms  DeleteObjects: 1.023000 ms)

Unloading 3 Unused Serialized files (Serialized files now loaded: 75)
UnloadTime: 272.985700 ms
Unloading 6899 unused Assets to reduce memory usage. Loaded Objects now: 124371.
Total: 149.351900 ms (FindLiveObjects: 6.359900 ms CreateObjectMapping: 8.038800 ms MarkObjects: 123.046600 ms  DeleteObjects: 11.906000 ms)

Unloading 0 Unused Serialized files (Serialized files now loaded: 59)
Unloading 1 unused Assets to reduce memory usage. Loaded Objects now: 124370.
Total: 133.271100 ms (FindLiveObjects: 6.598800 ms CreateObjectMapping: 7.092600 ms MarkObjects: 118.096500 ms  DeleteObjects: 1.482700 ms)

Unloading 5 Unused Serialized files (Serialized files now loaded: 59)
UnloadTime: 1.551500 ms
Unloading 850 unused Assets to reduce memory usage. Loaded Objects now: 212647.
Total: 138.332900 ms (FindLiveObjects: 12.614400 ms CreateObjectMapping: 8.094300 ms MarkObjects: 116.429300 ms  DeleteObjects: 1.194300 ms)

Activate object on scene. ObjectId: 211 Tick 163
[ProjectileHitMessageClientHandler] 50011 : Wait for prediction of projectile hit of 4294968854 at tick 1564 (interpolated 1560)
[ProjectileHitMessageClientHandler] 50011 : Wait for prediction of projectile hit of 4294968854 at tick 1565 (interpolated 1560)
[ProjectileHitMessageClientHandler] 50011 : Wait for prediction of projectile hit of 4294968854 at tick 1565 (interpolated 1561)
[ProjectileHitMessageClientHandler] 50011 : Wait for prediction of projectile hit of 4294968854 at tick 1566 (interpolated 1561)
[ProjectileHitMessageClientHandler] 50011 : Wait for prediction of projectile hit of 4294968854 at tick 1566 (interpolated 1562)
[ProjectileHitMessageClientHandler] 50011 : Wait for prediction of projectile hit of 4294968854 at tick 1567 (interpolated 1562)
[ProjectileHitMessageClientHandler] 50011 : Wait for prediction of projectile hit of 4294968854 at tick 1567 (interpolated 1563)
[ProjectileHitMessageClientHandler] 50011 : Wait for prediction of projectile hit of 4294968854 at tick 1568 (interpolated 1563)
[ProjectileHitMessageClientHandler] 50011 : Wait for prediction of projectile hit of 4294968854 at tick 1568 (interpolated 1564)
[ProjectileHitMessageClientHandler] 50011 : Wait for prediction of projectile hit of 4294968854 at tick 1569 (interpolated 1564)
[ProjectileHitMessageClientHandler] 50011 : Wait for prediction of projectile hit of 4294968854 at tick 1569 (interpolated 1565)
[ProjectileHitMessageClientHandler] 50011 : Wait for prediction of projectile hit of 4294968854 at tick 1570 (interpolated 1565)
[ProjectileHitMessageClientHandler] 50011 : Wait for prediction of projectile hit of 4294968854 at tick 1570 (interpolated 1566)
[ProjectileHitMessageClientHandler] 50011 : Wait for prediction of projectile hit of 4294968854 at tick 1571 (interpolated 1566)
[ProjectileHitMessageClientHandler] 50011 : Wait for prediction of projectile hit of 4294968854 at tick 1571 (interpolated 1567)
[ProjectileHitMessageClientHandler] 50011 : Wait for prediction of projectile hit of 4294968854 at tick 1572 (interpolated 1567)
[ProjectileHitMessageClientHandler] 50011 : Wait for prediction of projectile hit of 4294968854 at tick 1572 (interpolated 1568)
[ProjectileHitMessageClientHandler] 50011 : Wait for prediction of projectile hit of 4294968854 at tick 1573 (interpolated 1568)
[ProjectileHitMessageClientHandler] 50011 : Wait for prediction of projectile hit of 4294968854 at tick 1573 (interpolated 1569)
[ProjectileHitMessageClientHandler] 50011 : Wait for prediction of projectile hit of 4294968854 at tick 1574 (interpolated 1569)
[ProjectileHitMessageClientHandler] 50011 : Wait for prediction of projectile hit of 4294968854 at tick 1574 (interpolated 1570)
[ProjectileHitMessageClientHandler] 50011 : Wait for prediction of projectile hit of 4294968854 at tick 1575 (interpolated 1570)
[ProjectileHitMessageClientHandler] 50011 : Wait for prediction of projectile hit of 4294968854 at tick 1575 (interpolated 1571)
[ProjectileHitMessageClientHandler] 50011 : Wait for prediction of projectile hit of 4294968854 at tick 1576 (interpolated 1571)
[ProjectileHitMessageClientHandler] 50011 : Wait for prediction of projectile hit of 4294968854 at tick 1576 (interpolated 1572)
[ProjectileHitMessageClientHandler] 50011 : Wait for prediction of projectile hit of 4294968854 at tick 1577 (interpolated 1572)
[ProjectileHitMessageClientHandler] 50011 : Wait for prediction of projectile hit of 4294968854 at tick 1577 (interpolated 1573)
[ProjectileHitMessageClientHandler] 50011 : Wait for prediction of projectile hit of 4294968854 at tick 1578 (interpolated 1573)
[ProjectileHitMessageClientHandler] 50011 : Wait for prediction of projectile hit of 4294968854 at tick 1578 (interpolated 1574)
[ProjectileHitMessageClientHandler] 50011 : Wait for prediction of projectile hit of 4294968854 at tick 1579 (interpolated 1574)
[ProjectileHitMessageClientHandler] 50011 : Wait for prediction of projectile hit of 4294968854 at tick 1579 (interpolated 1575)
[ProjectileHitMessageClientHandler] 50011 : Wait for prediction of projectile hit of 4294968854 at tick 1580 (interpolated 1575)
[ProjectileHitMessageClientHandler] 50011 : Wait for prediction of projectile hit of 4294968854 at tick 1580 (interpolated 1576)
[ProjectileHitMessageClientHandler] 50011 : Wait for prediction of projectile hit of 4294968854 at tick 1581 (interpolated 1576)
[ProjectileHitMessageClientHandler] 50011 : Wait for prediction of projectile hit of 4294968854 at tick 1581 (interpolated 1577)
[ProjectileHitMessageClientHandler] 50011 : Wait for prediction of projectile hit of 4294968854 at tick 1582 (interpolated 1577)
[ProjectileHitMessageClientHandler] 50011 : Wait for prediction of projectile hit of 4294968854 at tick 1582 (interpolated 1578)
[ProjectileHitMessageClientHandler] 50011 : Wait for prediction of projectile hit of 4294968854 at tick 1583 (interpolated 1578)
[ProjectileHitMessageClientHandler] 50011 : Wait for prediction of projectile hit of 4294968854 at tick 1583 (interpolated 1579)
[ProjectileHitMessageClientHandler] 50011 : Wait for prediction of projectile hit of 4294968854 at tick 1584 (interpolated 1579)
[ProjectileHitMessageClientHandler] 50011 : Wait for prediction of projectile hit of 4294968854 at tick 1584 (interpolated 1580)
[ProjectileHitMessageClientHandler] 50011 : Wait for prediction of projectile hit of 4294968854 at tick 1585 (interpolated 1580)
[ProjectileHitMessageClientHandler] 50011 : Wait for prediction of projectile hit of 4294968854 at tick 1585 (interpolated 1581)
[ProjectileHitMessageClientHandler] 50011 : Wait for prediction of projectile hit of 4294968878 at tick 1588 (interpolated 1584)
[ProjectileHitMessageClientHandler] 50011 : Wait for prediction of projectile hit of 4294968878 at tick 1589 (interpolated 1584)
[ProjectileHitMessageClientHandler] 50011 : Wait for prediction of projectile hit of 4294968878 at tick 1589 (interpolated 1585)
[ProjectileHitMessageClientHandler] 50011 : Wait for prediction of projectile hit of 4294968878 at tick 1590 (interpolated 1585)
[ProjectileHitMessageClientHandler] 50011 : Wait for prediction of projectile hit of 4294968878 at tick 1590 (interpolated 1586)
[ProjectileHitMessageClientHandler] 50011 : Wait for prediction of projectile hit of 4294968878 at tick 1591 (interpolated 1586)
[ProjectileHitMessageClientHandler] 50011 : Wait for prediction of projectile hit of 4294968878 at tick 1591 (interpolated 1587)
[ProjectileHitMessageClientHandler] 50011 : Wait for prediction of projectile hit of 4294968878 at tick 1592 (interpolated 1587)
[ProjectileHitMessageClientHandler] 50011 : Wait for prediction of projectile hit of 4294968878 at tick 1592 (interpolated 1588)
[ProjectileHitMessageClientHandler] 50011 : Wait for prediction of projectile hit of 4294968878 at tick 1593 (interpolated 1588)
[ProjectileHitMessageClientHandler] 50011 : Wait for prediction of projectile hit of 4294968878 at tick 1593 (interpolated 1589)
[ProjectileHitMessageClientHandler] 50011 : Wait for prediction of projectile hit of 4294968878 at tick 1594 (interpolated 1589)
[ProjectileHitMessageClientHandler] 50011 : Wait for prediction of projectile hit of 4294968878 at tick 1594 (interpolated 1590)
[ProjectileHitMessageClientHandler] 50011 : Wait for prediction of projectile hit of 4294968878 at tick 1595 (interpolated 1590)
[ProjectileHitMessageClientHandler] 50011 : Wait for prediction of projectile hit of 4294968878 at tick 1595 (interpolated 1591)
[ProjectileHitMessageClientHandler] 50011 : Wait for prediction of projectile hit of 4294968878 at tick 1596 (interpolated 1591)
[ProjectileHitMessageClientHandler] 50011 : Wait for prediction of projectile hit of 4294968878 at tick 1596 (interpolated 1592)
[ProjectileHitMessageClientHandler] 50011 : Wait for prediction of projectile hit of 4294968878 at tick 1597 (interpolated 1592)
[ProjectileHitMessageClientHandler] 50011 : Wait for prediction of projectile hit of 4294968878 at tick 1597 (interpolated 1593)
[ProjectileHitMessageClientHandler] 50011 : Wait for prediction of projectile hit of 4294968878 at tick 1598 (interpolated 1593)
[ProjectileHitMessageClientHandler] 50011 : Wait for prediction of projectile hit of 4294968878 at tick 1598 (interpolated 1594)
[ProjectileHitMessageClientHandler] 50011 : Wait for prediction of projectile hit of 4294968878 at tick 1599 (interpolated 1594)
[ProjectileHitMessageClientHandler] 50011 : Wait for prediction of projectile hit of 4294968878 at tick 1599 (interpolated 1595)
[ProjectileHitMessageClientHandler] 50011 : Wait for prediction of projectile hit of 4294968878 at tick 1600 (interpolated 1595)
[ProjectileHitMessageClientHandler] 50011 : Wait for prediction of projectile hit of 4294968878 at tick 1600 (interpolated 1596)
[ProjectileHitMessageClientHandler] 50011 : Wait for prediction of projectile hit of 4294968878 at tick 1601 (interpolated 1596)
[ProjectileHitMessageClientHandler] 50011 : Wait for prediction of projectile hit of 4294968878 at tick 1601 (interpolated 1597)
[ProjectileHitMessageClientHandler] 50011 : Wait for prediction of projectile hit of 4294968878 at tick 1602 (interpolated 1597)
[ProjectileHitMessageClientHandler] 50011 : Wait for prediction of projectile hit of 4294968878 at tick 1602 (interpolated 1598)
[ProjectileHitMessageClientHandler] 50011 : Wait for prediction of projectile hit of 4294968878 at tick 1603 (interpolated 1598)
[ProjectileHitMessageClientHandler] 50011 : Wait for prediction of projectile hit of 4294968878 at tick 1603 (interpolated 1599)
[ProjectileHitMessageClientHandler] 50011 : Wait for prediction of projectile hit of 4294968878 at tick 1604 (interpolated 1599)
[ProjectileHitMessageClientHandler] 50011 : Wait for prediction of projectile hit of 4294968878 at tick 1604 (interpolated 1600)
[ProjectileHitMessageClientHandler] 50011 : Wait for prediction of projectile hit of 4294968878 at tick 1605 (interpolated 1600)
[ProjectileHitMessageClientHandler] 50011 : Wait for prediction of projectile hit of 4294968878 at tick 1605 (interpolated 1601)
[ProjectileHitMessageClientHandler] 50011 : Wait for prediction of projectile hit of 4294968878 at tick 1606 (interpolated 1601)
[ProjectileHitMessageClientHandler] 50011 : Wait for prediction of projectile hit of 4294968878 at tick 1606 (interpolated 1602)
[ProjectileHitMessageClientHandler] 50011 : Wait for prediction of projectile hit of 4294968878 at tick 1607 (interpolated 1602)
[ProjectileHitMessageClientHandler] 50011 : Wait for prediction of projectile hit of 4294968878 at tick 1607 (interpolated 1603)
[ProjectileHitMessageClientHandler] 50011 : Wait for prediction of projectile hit of 4294968878 at tick 1608 (interpolated 1603)
[ProjectileHitMessageClientHandler] 50011 : Wait for prediction of projectile hit of 4294968878 at tick 1608 (interpolated 1604)
[ProjectileHitMessageClientHandler] 50011 : Wait for prediction of projectile hit of 4294968878 at tick 1609 (interpolated 1604)
[ProjectileHitMessageClientHandler] 50011 : Wait for prediction of projectile hit of 4294968878 at tick 1609 (interpolated 1605)
Unloading 6 Unused Serialized files (Serialized files now loaded: 91)
UnloadTime: 41.423100 ms
Unloading 8564 unused Assets to reduce memory usage. Loaded Objects now: 124379.
Total: 138.088000 ms (FindLiveObjects: 6.303700 ms CreateObjectMapping: 8.121300 ms MarkObjects: 114.400400 ms  DeleteObjects: 9.262200 ms)

Unloading 0 Unused Serialized files (Serialized files now loaded: 59)
Unloading 0 unused Assets to reduce memory usage. Loaded Objects now: 124379.
Total: 126.301300 ms (FindLiveObjects: 5.842400 ms CreateObjectMapping: 7.617200 ms MarkObjects: 112.588900 ms  DeleteObjects: 0.252300 ms)

Unloading 8 Unused Serialized files (Serialized files now loaded: 59)
The tree Tree02 must use the Nature/Soft Occlusion shader. Otherwise billboarding/lighting will not work correctly.
UnloadTime: 1.211100 ms
Unloading 854 unused Assets to reduce memory usage. Loaded Objects now: 137528.
Total: 134.030300 ms (FindLiveObjects: 6.910300 ms CreateObjectMapping: 7.572700 ms MarkObjects: 118.518500 ms  DeleteObjects: 1.028100 ms)

Unloading 3 Unused Serialized files (Serialized files now loaded: 75)
UnloadTime: 272.431500 ms
Unloading 6875 unused Assets to reduce memory usage. Loaded Objects now: 124376.
Total: 141.692600 ms (FindLiveObjects: 6.549300 ms CreateObjectMapping: 7.783200 ms MarkObjects: 116.104600 ms  DeleteObjects: 11.254800 ms)

Unloading 0 Unused Serialized files (Serialized files now loaded: 59)
Unloading 1 unused Assets to reduce memory usage. Loaded Objects now: 124375.
Total: 130.765600 ms (FindLiveObjects: 6.052600 ms CreateObjectMapping: 7.177300 ms MarkObjects: 115.988600 ms  DeleteObjects: 1.546700 ms)

Unloading 5 Unused Serialized files (Serialized files now loaded: 59)
UnloadTime: 1.281300 ms
Unloading 850 unused Assets to reduce memory usage. Loaded Objects now: 212652.
Total: 149.185000 ms (FindLiveObjects: 12.782200 ms CreateObjectMapping: 8.364100 ms MarkObjects: 126.969200 ms  DeleteObjects: 1.068800 ms)

Activate object on scene. ObjectId: 211 Tick 165
[ProjectileHitMessageClientHandler] 75683 : Wait for prediction of projectile hit of 4294969658 at tick 2368 (interpolated 2363)
Unloading 6 Unused Serialized files (Serialized files now loaded: 97)
UnloadTime: 42.009100 ms
Unloading 8594 unused Assets to reduce memory usage. Loaded Objects now: 124392.
Total: 137.851500 ms (FindLiveObjects: 5.970500 ms CreateObjectMapping: 8.234400 ms MarkObjects: 114.523900 ms  DeleteObjects: 9.122200 ms)

Unloading 0 Unused Serialized files (Serialized files now loaded: 59)
Unloading 0 unused Assets to reduce memory usage. Loaded Objects now: 124392.
Total: 128.105300 ms (FindLiveObjects: 5.801700 ms CreateObjectMapping: 7.573700 ms MarkObjects: 114.476300 ms  DeleteObjects: 0.253000 ms)

Unloading 8 Unused Serialized files (Serialized files now loaded: 59)
The tree Tree02 must use the Nature/Soft Occlusion shader. Otherwise billboarding/lighting will not work correctly.
UnloadTime: 1.145300 ms
Unloading 854 unused Assets to reduce memory usage. Loaded Objects now: 137545.
Total: 128.391600 ms (FindLiveObjects: 6.872700 ms CreateObjectMapping: 7.529500 ms MarkObjects: 112.956700 ms  DeleteObjects: 1.032200 ms)

Unloading 3 Unused Serialized files (Serialized files now loaded: 75)
UnloadTime: 267.112400 ms
Unloading 6886 unused Assets to reduce memory usage. Loaded Objects now: 124397.
Total: 137.711000 ms (FindLiveObjects: 6.018400 ms CreateObjectMapping: 8.113800 ms MarkObjects: 112.674600 ms  DeleteObjects: 10.903500 ms)

Unloading 0 Unused Serialized files (Serialized files now loaded: 59)
Unloading 1 unused Assets to reduce memory usage. Loaded Objects now: 124396.
Total: 135.527200 ms (FindLiveObjects: 6.016300 ms CreateObjectMapping: 7.251700 ms MarkObjects: 120.970200 ms  DeleteObjects: 1.288700 ms)

Unloading 5 Unused Serialized files (Serialized files now loaded: 59)
UnloadTime: 1.697800 ms
Unloading 850 unused Assets to reduce memory usage. Loaded Objects now: 212673.
Total: 140.395800 ms (FindLiveObjects: 12.932100 ms CreateObjectMapping: 8.020200 ms MarkObjects: 118.298300 ms  DeleteObjects: 1.144500 ms)

Activate object on scene. ObjectId: 211 Tick 165
Unloading 6 Unused Serialized files (Serialized files now loaded: 96)
UnloadTime: 40.355700 ms
Unloading 8477 unused Assets to reduce memory usage. Loaded Objects now: 124401.
Total: 140.378600 ms (FindLiveObjects: 6.500800 ms CreateObjectMapping: 7.905300 ms MarkObjects: 117.137300 ms  DeleteObjects: 8.834800 ms)

Unloading 0 Unused Serialized files (Serialized files now loaded: 59)
Unloading 1 unused Assets to reduce memory usage. Loaded Objects now: 124400.
Total: 126.836500 ms (FindLiveObjects: 5.896400 ms CreateObjectMapping: 7.634100 ms MarkObjects: 113.048200 ms  DeleteObjects: 0.256900 ms)

Unloading 8 Unused Serialized files (Serialized files now loaded: 59)
The tree Tree02 must use the Nature/Soft Occlusion shader. Otherwise billboarding/lighting will not work correctly.
UnloadTime: 1.185400 ms
Unloading 854 unused Assets to reduce memory usage. Loaded Objects now: 137555.
Total: 130.732100 ms (FindLiveObjects: 6.786400 ms CreateObjectMapping: 7.297300 ms MarkObjects: 115.596300 ms  DeleteObjects: 1.051600 ms)

Unloading 3 Unused Serialized files (Serialized files now loaded: 75)
UnloadTime: 278.215700 ms
Unloading 6873 unused Assets to reduce memory usage. Loaded Objects now: 124407.
Total: 139.397900 ms (FindLiveObjects: 5.987900 ms CreateObjectMapping: 7.857000 ms MarkObjects: 114.730700 ms  DeleteObjects: 10.821800 ms)

Unloading 0 Unused Serialized files (Serialized files now loaded: 59)
Unloading 1 unused Assets to reduce memory usage. Loaded Objects now: 124406.
Total: 126.692800 ms (FindLiveObjects: 5.945800 ms CreateObjectMapping: 7.403900 ms MarkObjects: 112.120500 ms  DeleteObjects: 1.222100 ms)

Unloading 5 Unused Serialized files (Serialized files now loaded: 59)
UnloadTime: 1.385000 ms
Unloading 850 unused Assets to reduce memory usage. Loaded Objects now: 212683.
Total: 139.847000 ms (FindLiveObjects: 12.722300 ms CreateObjectMapping: 7.732700 ms MarkObjects: 118.253600 ms  DeleteObjects: 1.137900 ms)

Activate object on scene. ObjectId: 211 Tick 168
Unloading 6 Unused Serialized files (Serialized files now loaded: 98)
UnloadTime: 41.799600 ms
Unloading 8679 unused Assets to reduce memory usage. Loaded Objects now: 124413.
Total: 142.021300 ms (FindLiveObjects: 6.487500 ms CreateObjectMapping: 8.385000 ms MarkObjects: 118.258000 ms  DeleteObjects: 8.890300 ms)

Unloading 0 Unused Serialized files (Serialized files now loaded: 59)
Unloading 0 unused Assets to reduce memory usage. Loaded Objects now: 124413.
Total: 132.301300 ms (FindLiveObjects: 5.982000 ms CreateObjectMapping: 7.781800 ms MarkObjects: 118.295500 ms  DeleteObjects: 0.241500 ms)

Unloading 8 Unused Serialized files (Serialized files now loaded: 59)
The tree Tree02 must use the Nature/Soft Occlusion shader. Otherwise billboarding/lighting will not work correctly.
UnloadTime: 1.113400 ms
Unloading 854 unused Assets to reduce memory usage. Loaded Objects now: 137568.
Total: 128.940100 ms (FindLiveObjects: 7.012500 ms CreateObjectMapping: 7.293300 ms MarkObjects: 113.643900 ms  DeleteObjects: 0.989900 ms)

Unloading 3 Unused Serialized files (Serialized files now loaded: 76)
UnloadTime: 304.442700 ms
Unloading 7030 unused Assets to reduce memory usage. Loaded Objects now: 124459.
Total: 169.526400 ms (FindLiveObjects: 7.815000 ms CreateObjectMapping: 9.441000 ms MarkObjects: 139.545700 ms  DeleteObjects: 12.724000 ms)

Unloading 0 Unused Serialized files (Serialized files now loaded: 59)
Unloading 1 unused Assets to reduce memory usage. Loaded Objects now: 124458.
Total: 157.337100 ms (FindLiveObjects: 7.521400 ms CreateObjectMapping: 10.869700 ms MarkObjects: 137.546500 ms  DeleteObjects: 1.398800 ms)

Unloading 5 Unused Serialized files (Serialized files now loaded: 59)
UnloadTime: 1.431400 ms
Unloading 850 unused Assets to reduce memory usage. Loaded Objects now: 212735.
Total: 170.912000 ms (FindLiveObjects: 16.342500 ms CreateObjectMapping: 9.364800 ms MarkObjects: 143.951700 ms  DeleteObjects: 1.252300 ms)

Activate object on scene. ObjectId: 211 Tick 156
Unloading 6 Unused Serialized files (Serialized files now loaded: 97)
UnloadTime: 50.926300 ms
Unloading 9729 unused Assets to reduce memory usage. Loaded Objects now: 124470.
Total: 172.952200 ms (FindLiveObjects: 7.467400 ms CreateObjectMapping: 9.933600 ms MarkObjects: 144.197100 ms  DeleteObjects: 11.353300 ms)

Unloading 0 Unused Serialized files (Serialized files now loaded: 59)
Unloading 1 unused Assets to reduce memory usage. Loaded Objects now: 124469.
Total: 152.465100 ms (FindLiveObjects: 7.794800 ms CreateObjectMapping: 10.099400 ms MarkObjects: 134.273100 ms  DeleteObjects: 0.297500 ms)

Unloading 8 Unused Serialized files (Serialized files now loaded: 59)
The tree Tree02 must use the Nature/Soft Occlusion shader. Otherwise billboarding/lighting will not work correctly.
UnloadTime: 1.633100 ms
Unloading 854 unused Assets to reduce memory usage. Loaded Objects now: 137732.
Total: 159.099400 ms (FindLiveObjects: 8.905900 ms CreateObjectMapping: 8.467900 ms MarkObjects: 140.614800 ms  DeleteObjects: 1.110000 ms)

Unloading 3 Unused Serialized files (Serialized files now loaded: 75)
UnloadTime: 306.642700 ms
Unloading 7205 unused Assets to reduce memory usage. Loaded Objects now: 124469.
Total: 174.374700 ms (FindLiveObjects: 6.849700 ms CreateObjectMapping: 10.331100 ms MarkObjects: 144.530000 ms  DeleteObjects: 12.663300 ms)

Unloading 0 Unused Serialized files (Serialized files now loaded: 59)
Unloading 1 unused Assets to reduce memory usage. Loaded Objects now: 124468.
Total: 149.844700 ms (FindLiveObjects: 7.213600 ms CreateObjectMapping: 9.326200 ms MarkObjects: 132.097000 ms  DeleteObjects: 1.207000 ms)

Unloading 5 Unused Serialized files (Serialized files now loaded: 59)
UnloadTime: 1.192300 ms
Unloading 850 unused Assets to reduce memory usage. Loaded Objects now: 212745.
Total: 164.980800 ms (FindLiveObjects: 15.982800 ms CreateObjectMapping: 9.920200 ms MarkObjects: 137.824500 ms  DeleteObjects: 1.252600 ms)

Activate object on scene. ObjectId: 211 Tick 156
Unloading 6 Unused Serialized files (Serialized files now loaded: 101)
UnloadTime: 51.051500 ms
Unloading 8933 unused Assets to reduce memory usage. Loaded Objects now: 124479.
Total: 162.189900 ms (FindLiveObjects: 7.605700 ms CreateObjectMapping: 9.694400 ms MarkObjects: 132.566800 ms  DeleteObjects: 12.322600 ms)

Unloading 0 Unused Serialized files (Serialized files now loaded: 59)
Unloading 5 unused Assets to reduce memory usage. Loaded Objects now: 124474.
Total: 156.038400 ms (FindLiveObjects: 5.722200 ms CreateObjectMapping: 9.646400 ms MarkObjects: 140.280700 ms  DeleteObjects: 0.388400 ms)

The tree Tree02 must use the Nature/Soft Occlusion shader. Otherwise billboarding/lighting will not work correctly.
Unloading 8 Unused Serialized files (Serialized files now loaded: 59)
UnloadTime: 1.235500 ms
Unloading 854 unused Assets to reduce memory usage. Loaded Objects now: 137801.
Total: 154.796200 ms (FindLiveObjects: 8.149100 ms CreateObjectMapping: 9.389600 ms MarkObjects: 136.251200 ms  DeleteObjects: 1.005500 ms)

Memory Statistics:
[ALLOC_TEMP_TLS] TLS Allocator
  StackAllocators : 
    [ALLOC_TEMP_MAIN]
      Peak usage frame count: [4.0 KB-8.0 KB]: 28 frames, [8.0 KB-16.0 KB]: 3226 frames, [16.0 KB-32.0 KB]: 180299 frames, [32.0 KB-64.0 KB]: 70 frames, [64.0 KB-128.0 KB]: 50639 frames, [128.0 KB-256.0 KB]: 2803 frames, [256.0 KB-0.5 MB]: 135876 frames, [0.5 MB-1.0 MB]: 9719 frames, [1.0 MB-2.0 MB]: 64 frames, [2.0 MB-4.0 MB]: 13 frames, [4.0 MB-8.0 MB]: 70 frames
      Initial Block Size 4.0 MB
      Current Block Size 8.0 MB
      Peak Allocated Bytes 8.0 MB
      Overflow Count 604
    [ALLOC_TEMP_Loading.AsyncRead]
      Initial Block Size 64.0 KB
      Current Block Size 120.0 KB
      Peak Allocated Bytes 118.9 KB
      Overflow Count 0
    [ALLOC_TEMP_Loading.PreloadManager]
      Initial Block Size 256.0 KB
      Current Block Size 0.5 MB
      Peak Allocated Bytes 511.6 KB
      Overflow Count 98912
    [ALLOC_TEMP_Background Job.Worker 8]
      Initial Block Size 32.0 KB
      Current Block Size 56.0 KB
      Peak Allocated Bytes 53.4 KB
      Overflow Count 0
    [ALLOC_TEMP_Job.Worker 6]
      Initial Block Size 256.0 KB
      Current Block Size 428.0 KB
      Peak Allocated Bytes 227.3 KB
      Overflow Count 0
    [ALLOC_TEMP_Job.Worker 0]
      Initial Block Size 256.0 KB
      Current Block Size 420.0 KB
      Peak Allocated Bytes 225.0 KB
      Overflow Count 0
    [ALLOC_TEMP_Background Job.Worker 10]
      Initial Block Size 32.0 KB
      Current Block Size 48.0 KB
      Peak Allocated Bytes 45.0 KB
      Overflow Count 0
    [ALLOC_TEMP_Background Job.Worker 9]
      Initial Block Size 32.0 KB
      Current Block Size 56.0 KB
      Peak Allocated Bytes 52.4 KB
      Overflow Count 0
    [ALLOC_TEMP_Job.Worker 5]
      Initial Block Size 256.0 KB
      Current Block Size 420.0 KB
      Peak Allocated Bytes 224.8 KB
      Overflow Count 0
    [ALLOC_TEMP_Background Job.Worker 14]
      Initial Block Size 32.0 KB
      Current Block Size 48.0 KB
      Peak Allocated Bytes 46.9 KB
      Overflow Count 0
    [ALLOC_TEMP_Background Job.Worker 6]
      Initial Block Size 32.0 KB
      Current Block Size 40.0 KB
      Peak Allocated Bytes 38.8 KB
      Overflow Count 0
    [ALLOC_TEMP_Job.Worker 4]
      Initial Block Size 256.0 KB
      Current Block Size 420.0 KB
      Peak Allocated Bytes 225.0 KB
      Overflow Count 0
    [ALLOC_TEMP_Job.Worker 14]
      Initial Block Size 256.0 KB
      Current Block Size 432.0 KB
      Peak Allocated Bytes 230.9 KB
      Overflow Count 0
    [ALLOC_TEMP_Job.Worker 3]
      Initial Block Size 256.0 KB
      Current Block Size 432.0 KB
      Peak Allocated Bytes 232.7 KB
      Overflow Count 0
    [ALLOC_TEMP_Job.Worker 13]
      Initial Block Size 256.0 KB
      Current Block Size 420.0 KB
      Peak Allocated Bytes 225.2 KB
      Overflow Count 0
    [ALLOC_TEMP_Background Job.Worker 12]
      Initial Block Size 32.0 KB
      Current Block Size 52.0 KB
      Peak Allocated Bytes 51.3 KB
      Overflow Count 0
    [ALLOC_TEMP_EnlightenWorker] x 4
      Initial Block Size 64.0 KB
      Current Block Size 64.0 KB
      Peak Allocated Bytes 54 B
      Overflow Count 0
    [ALLOC_TEMP_Background Job.Worker 15]
      Initial Block Size 32.0 KB
      Current Block Size 48.0 KB
      Peak Allocated Bytes 47.4 KB
      Overflow Count 0
    [ALLOC_TEMP_Background Job.Worker 1]
      Initial Block Size 32.0 KB
      Current Block Size 48.0 KB
      Peak Allocated Bytes 47.3 KB
      Overflow Count 0
    [ALLOC_TEMP_Background Job.Worker 2]
      Initial Block Size 32.0 KB
      Current Block Size 52.0 KB
      Peak Allocated Bytes 51.3 KB
      Overflow Count 0
    [ALLOC_TEMP_Background Job.Worker 7]
      Initial Block Size 32.0 KB
      Current Block Size 48.0 KB
      Peak Allocated Bytes 47.3 KB
      Overflow Count 0
    [ALLOC_TEMP_UnityGfxDeviceWorker]
      Initial Block Size 256.0 KB
      Current Block Size 256.0 KB
      Peak Allocated Bytes 19.0 KB
      Overflow Count 0
    [ALLOC_TEMP_AssetGarbageCollectorHelper] x 15
      Initial Block Size 64.0 KB
      Current Block Size 64.0 KB
      Peak Allocated Bytes 0 B
      Overflow Count 0
    [ALLOC_TEMP_Background Job.Worker 5]
      Initial Block Size 32.0 KB
      Current Block Size 48.0 KB
      Peak Allocated Bytes 47.3 KB
      Overflow Count 0
    [ALLOC_TEMP_Job.Worker 9]
      Initial Block Size 256.0 KB
      Current Block Size 412.0 KB
      Peak Allocated Bytes 223.2 KB
      Overflow Count 0
    [ALLOC_TEMP_Background Job.Worker 13]
      Initial Block Size 32.0 KB
      Current Block Size 52.0 KB
      Peak Allocated Bytes 51.3 KB
      Overflow Count 0
    [ALLOC_TEMP_Job.Worker 8]
      Initial Block Size 256.0 KB
      Current Block Size 412.0 KB
      Peak Allocated Bytes 222.9 KB
      Overflow Count 0
    [ALLOC_TEMP_Job.Worker 7]
      Initial Block Size 256.0 KB
      Current Block Size 420.0 KB
      Peak Allocated Bytes 225.2 KB
      Overflow Count 0
    [ALLOC_TEMP_Job.Worker 1]
      Initial Block Size 256.0 KB
      Current Block Size 432.0 KB
      Peak Allocated Bytes 230.9 KB
      Overflow Count 0
    [ALLOC_TEMP_Job.Worker 2]
      Initial Block Size 256.0 KB
      Current Block Size 432.0 KB
      Peak Allocated Bytes 232.7 KB
      Overflow Count 0
    [ALLOC_TEMP_Background Job.Worker 3]
      Initial Block Size 32.0 KB
      Current Block Size 52.0 KB
      Peak Allocated Bytes 48.2 KB
      Overflow Count 0
    [ALLOC_TEMP_Background Job.Worker 11]
      Initial Block Size 32.0 KB
      Current Block Size 48.0 KB
      Peak Allocated Bytes 47.4 KB
      Overflow Count 0
    [ALLOC_TEMP_Job.Worker 10]
      Initial Block Size 256.0 KB
      Current Block Size 412.0 KB
      Peak Allocated Bytes 223.2 KB
      Overflow Count 0
    [ALLOC_TEMP_Background Job.Worker 0]
      Initial Block Size 32.0 KB
      Current Block Size 40.0 KB
      Peak Allocated Bytes 38.7 KB
      Overflow Count 0
    [ALLOC_TEMP_CloudJob.Worker 0]
      Initial Block Size 32.0 KB
      Current Block Size 32.0 KB
      Peak Allocated Bytes 3.3 KB
      Overflow Count 0
    [ALLOC_TEMP_HIDInput]
      Initial Block Size 64.0 KB
      Current Block Size 64.0 KB
      Peak Allocated Bytes 10.9 KB
      Overflow Count 0
    [ALLOC_TEMP_Job.Worker 11]
      Initial Block Size 256.0 KB
      Current Block Size 412.0 KB
      Peak Allocated Bytes 223.2 KB
      Overflow Count 0
    [ALLOC_TEMP_Job.Worker 12]
      Initial Block Size 256.0 KB
      Current Block Size 412.0 KB
      Peak Allocated Bytes 222.9 KB
      Overflow Count 0
    [ALLOC_TEMP_Background Job.Worker 4]
      Initial Block Size 32.0 KB
      Current Block Size 56.0 KB
      Peak Allocated Bytes 54.6 KB
      Overflow Count 0
    [ALLOC_TEMP_BatchDeleteObjects]
      Initial Block Size 64.0 KB
      Current Block Size 64.0 KB
      Peak Allocated Bytes 54 B
      Overflow Count 0
[ALLOC_DEFAULT] Dual Thread Allocator
  Peak main deferred allocation count 148119
    [ALLOC_BUCKET]
      Large Block size 4.0 MB
      Used Block count 1
      Peak Allocated bytes 4.0 MB
      Failed Allocations. Bucket layout:
        16B: 23 Subsections = 23552 buckets. Failed count: 26381451
        32B: 29 Subsections = 14848 buckets. Failed count: 13240614
        48B: 31 Subsections = 10581 buckets. Failed count: 27194531
        64B: 59 Subsections = 15104 buckets. Failed count: 8792617
        80B: 40 Subsections = 8192 buckets. Failed count: 1002499
        96B: 22 Subsections = 3754 buckets. Failed count: 240974
        112B: 28 Subsections = 4096 buckets. Failed count: 2072491
        128B: 24 Subsections = 3072 buckets. Failed count: 3429194
    [ALLOC_DEFAULT_MAIN]
      Peak usage frame count: [64.0 MB-128.0 MB]: 961 frames, [128.0 MB-256.0 MB]: 7331 frames, [256.0 MB-0.50 GB]: 374515 frames
      Requested Block Size 16.0 MB
      Peak Block count 38
      Peak Allocated memory 477.8 MB
      Peak Large allocation bytes 56.5 MB
    [ALLOC_DEFAULT_THREAD]
      Peak usage frame count: [16.0 MB-32.0 MB]: 98 frames, [32.0 MB-64.0 MB]: 810 frames, [64.0 MB-128.0 MB]: 381899 frames
      Requested Block Size 16.0 MB
      Peak Block count 8
      Peak Allocated memory 119.1 MB
      Peak Large allocation bytes 44.0 MB
[ALLOC_TEMP_JOB_1_FRAME]
  Initial Block Size 2.0 MB
  Used Block Count 1
  Overflow Count (too large) 0
  Overflow Count (full) 0
[ALLOC_TEMP_JOB_2_FRAMES]
  Initial Block Size 2.0 MB
  Used Block Count 1
  Overflow Count (too large) 0
  Overflow Count (full) 0
[ALLOC_TEMP_JOB_4_FRAMES (JobTemp)]
  Initial Block Size 2.0 MB
  Used Block Count 9
  Overflow Count (too large) 0
  Overflow Count (full) 0
[ALLOC_TEMP_JOB_ASYNC (Background)]
  Initial Block Size 1.0 MB
  Used Block Count 36
  Overflow Count (too large) 0
  Overflow Count (full) 0
[ALLOC_GFX] Dual Thread Allocator
  Peak main deferred allocation count 9
    [ALLOC_BUCKET]
      Large Block size 4.0 MB
      Used Block count 1
      Peak Allocated bytes 4.0 MB
      Failed Allocations. Bucket layout:
        16B: 23 Subsections = 23552 buckets. Failed count: 26381451
        32B: 29 Subsections = 14848 buckets. Failed count: 13240614
        48B: 31 Subsections = 10581 buckets. Failed count: 27194531
        64B: 59 Subsections = 15104 buckets. Failed count: 8792617
        80B: 40 Subsections = 8192 buckets. Failed count: 1002499
        96B: 22 Subsections = 3754 buckets. Failed count: 240974
        112B: 28 Subsections = 4096 buckets. Failed count: 2072491
        128B: 24 Subsections = 3072 buckets. Failed count: 3429194
    [ALLOC_GFX_MAIN]
      Peak usage frame count: [32.0 KB-64.0 KB]: 102 frames, [64.0 KB-128.0 KB]: 48 frames, [128.0 KB-256.0 KB]: 14 frames, [256.0 KB-0.5 MB]: 10 frames, [0.5 MB-1.0 MB]: 193 frames, [1.0 MB-2.0 MB]: 464 frames, [2.0 MB-4.0 MB]: 59 frames, [8.0 MB-16.0 MB]: 226139 frames, [16.0 MB-32.0 MB]: 155778 frames
      Requested Block Size 16.0 MB
      Peak Block count 2
      Peak Allocated memory 21.1 MB
      Peak Large allocation bytes 0 B
    [ALLOC_GFX_THREAD]
      Peak usage frame count: [64.0 KB-128.0 KB]: 39 frames, [128.0 KB-256.0 KB]: 118 frames, [2.0 MB-4.0 MB]: 188 frames, [4.0 MB-8.0 MB]: 1982 frames, [8.0 MB-16.0 MB]: 232818 frames, [16.0 MB-32.0 MB]: 147662 frames
      Requested Block Size 16.0 MB
      Peak Block count 2
      Peak Allocated memory 22.0 MB
      Peak Large allocation bytes 0 B
[ALLOC_CACHEOBJECTS] Dual Thread Allocator
  Peak main deferred allocation count 2023
    [ALLOC_BUCKET]
      Large Block size 4.0 MB
      Used Block count 1
      Peak Allocated bytes 4.0 MB
      Failed Allocations. Bucket layout:
        16B: 23 Subsections = 23552 buckets. Failed count: 26381451
        32B: 29 Subsections = 14848 buckets. Failed count: 13240614
        48B: 31 Subsections = 10581 buckets. Failed count: 27194531
        64B: 59 Subsections = 15104 buckets. Failed count: 8792617
        80B: 40 Subsections = 8192 buckets. Failed count: 1002499
        96B: 22 Subsections = 3754 buckets. Failed count: 240974
        112B: 28 Subsections = 4096 buckets. Failed count: 2072491
        128B: 24 Subsections = 3072 buckets. Failed count: 3429194
    [ALLOC_CACHEOBJECTS_MAIN]
      Peak usage frame count: [128.0 MB-256.0 MB]: 382807 frames
      Requested Block Size 4.0 MB
      Peak Block count 43
      Peak Allocated memory 160.5 MB
      Peak Large allocation bytes 88.2 MB
    [ALLOC_CACHEOBJECTS_THREAD]
      Peak usage frame count: [0.5 MB-1.0 MB]: 3 frames, [1.0 MB-2.0 MB]: 1 frames, [4.0 MB-8.0 MB]: 11 frames, [16.0 MB-32.0 MB]: 5 frames, [32.0 MB-64.0 MB]: 142 frames, [64.0 MB-128.0 MB]: 202228 frames, [128.0 MB-256.0 MB]: 180417 frames
      Requested Block Size 4.0 MB
      Peak Block count 57
      Peak Allocated memory 175.2 MB
      Peak Large allocation bytes 28.6 MB
[ALLOC_TYPETREE] Dual Thread Allocator
  Peak main deferred allocation count 0
    [ALLOC_BUCKET]
      Large Block size 4.0 MB
      Used Block count 1
      Peak Allocated bytes 4.0 MB
      Failed Allocations. Bucket layout:
        16B: 23 Subsections = 23552 buckets. Failed count: 26381451
        32B: 29 Subsections = 14848 buckets. Failed count: 13240614
        48B: 31 Subsections = 10581 buckets. Failed count: 27194531
        64B: 59 Subsections = 15104 buckets. Failed count: 8792617
        80B: 40 Subsections = 8192 buckets. Failed count: 1002499
        96B: 22 Subsections = 3754 buckets. Failed count: 240974
        112B: 28 Subsections = 4096 buckets. Failed count: 2072491
        128B: 24 Subsections = 3072 buckets. Failed count: 3429194
    [ALLOC_TYPETREE_MAIN]
      Peak usage frame count: [8.0 KB-16.0 KB]: 38 frames, [16.0 KB-32.0 KB]: 6593 frames, [32.0 KB-64.0 KB]: 376176 frames
      Requested Block Size 2.0 MB
      Peak Block count 1
      Peak Allocated memory 36.5 KB
      Peak Large allocation bytes 0 B
    [ALLOC_TYPETREE_THREAD]
      Peak usage frame count: [16.0 KB-32.0 KB]: 4 frames, [1.0 MB-2.0 MB]: 1 frames, [2.0 MB-4.0 MB]: 6 frames, [4.0 MB-8.0 MB]: 711 frames, [8.0 MB-16.0 MB]: 382085 frames
      Requested Block Size 2.0 MB
      Peak Block count 6
      Peak Allocated memory 11.4 MB
      Peak Large allocation bytes 0 B
